[www.angeluccijewelry.com/index.html]
[d3ciwvs59ifrt8.cloudfront.net/6d31818b-4168-4418-a50e-d55cd23b949e/39ba1460-c0af-4a14-9f3c-2e17c0ac7899.png]
[backblue.gif]
[fade.gif]
[index.html]
[www.angeluccijewelry.com/errorPageaa36.html]
[flexblocks.mopro.com/css/custom-flex769e.css]
[d1qgs0cj2a6pkw.cloudfront.net/moprosuite/v210/uikit/_static/_js/lib/require.js]
[www.angeluccijewelry.com/csslint8543.css]
[d1qgs0cj2a6pkw.cloudfront.net/moprosuite/v210/create/_static2/_js/app.js]
[d3ciwvs59ifrt8.cloudfront.net/f41eae21-d6f8-455c-85b7-7f9b2fc82782/a0594373-cb7b-4417-8ea2-be0b8e431aad_h1798.jpg]
[d3ciwvs59ifrt8.cloudfront.net/6d31818b-4168-4418-a50e-d55cd23b949e/e26c5deb-a7cf-4d4e-95ab-766a6963db55_h1798.jpg]
[d3ciwvs59ifrt8.cloudfront.net/ac43dadb-03fb-421c-a378-ae8be25f7b09/6fbab304-2234-443f-b7b4-a8edb6bfe654.png]
[www.angeluccijewelry.com/about.html]
[www.angeluccijewelry.com/shop.html]
[www.angeluccijewelry.com/custom-work.html]
[www.angeluccijewelry.com/designers.html]
[www.angeluccijewelry.com/blog.html]
[www.angeluccijewelry.com/social.html]
[www.angeluccijewelry.com/contact.html]
[d3ciwvs59ifrt8.cloudfront.net/6d31818b-4168-4418-a50e-d55cd23b949e/f193d5f3-e85f-4e62-8fb9-c7c4d09e01bd.jpg]
[d3ciwvs59ifrt8.cloudfront.net/6d31818b-4168-4418-a50e-d55cd23b949e/36b7a921-ad56-41df-910a-6243385d3751.jpg]
[d3ciwvs59ifrt8.cloudfront.net/f9e4de2d-447f-479e-b66c-4e68979c5358/672a8dab-e0e6-4283-8daf-e3b6e73f46d4.jpg]
[d3ciwvs59ifrt8.cloudfront.net/6d31818b-4168-4418-a50e-d55cd23b949e/72fc909b-9d89-45f2-88b3-e7712cbaec55.jpg]
[d3ciwvs59ifrt8.cloudfront.net/f9e4de2d-447f-479e-b66c-4e68979c5358/09ad1f7d-5a11-40cd-9c1d-75c4dfe023e8.jpg]
[d3ciwvs59ifrt8.cloudfront.net/f9e4de2d-447f-479e-b66c-4e68979c5358/cd38483a-8d4d-4ff9-a0da-2d4a7bf743a4.jpg]
[www.angeluccijewelry.com/wedding-and-engagement-shop.html]
[www.angeluccijewelry.com/diamond-search-shop.html]
[www.angeluccijewelry.com/necklaces-and-pendants-shop.html]
[www.angeluccijewelry.com/precision-cut-gemstones-shop.html]
[www.angeluccijewelry.com/reviews.html]
[www.angeluccijewelry.com/gallery.html]
[www.angeluccijewelry.com/index.html]
[www.angeluccijewelry.com/errorPageaa36.html]
[d1qgs0cj2a6pkw.cloudfront.net/moprosuite/v210/create/_static2/_css/_images/error500_page-2016.png]
[create.test2.cmlmediasoft.com/_static2/_css/_images/close-icon.png]
[d1qgs0cj2a6pkw.cloudfront.net/moprosuite/v210/create/_static2/_css/_images/close-icon.png]
[d1qgs0cj2a6pkw.cloudfront.net/moprosuite/v210/create/_static2/_css/_images/closeSlidingCart.png]
[d1qgs0cj2a6pkw.cloudfront.net/moprosuite/v210/create/_static2/_css/_images/sprite-file-types.png]
[d1qgs0cj2a6pkw.cloudfront.net/moprosuite/v210/create/_static2/_css/_images/sprite-social-share.png]
[www.angeluccijewelry.com/errorPagec1f0.html]
[d1qgs0cj2a6pkw.cloudfront.net/moprosuite/v210/create/_static2/_css/_images/ui-icons_222222_256x240.png]
[d1qgs0cj2a6pkw.cloudfront.net/moprosuite/v210/create/_static2/_css/_images/rightarrowcalender.png]
[d1qgs0cj2a6pkw.cloudfront.net/moprosuite/v210/create/_static2/_css/_images/ui-icons_888888_256x240.png]
[d1qgs0cj2a6pkw.cloudfront.net/moprosuite/v210/create/_static2/_css/_images/ui-icons_454545_256x240.png]
[d1qgs0cj2a6pkw.cloudfront.net/moprosuite/v210/create/_static2/_css/_images/fancybox_sprite.png]
[d1qgs0cj2a6pkw.cloudfront.net/moprosuite/v210/create/_static2/_css/_images/fancybox_loading.gif]
[d1qgs0cj2a6pkw.cloudfront.net/moprosuite/v210/create/_static2/_css/_images/blank.gif]
[d1qgs0cj2a6pkw.cloudfront.net/moprosuite/v210/create/_static2/_css/_images/fancybox_overlay.png]
[d1qgs0cj2a6pkw.cloudfront.net/moprosuite/v210/create/_static2/_css/_images/fancybox_buttons.png]
[d1qgs0cj2a6pkw.cloudfront.net/moprosuite/v210/create/_static2/_css/_images/progress.gif]
[d1qgs0cj2a6pkw.cloudfront.net/moprosuite/v210/create/_static2/_css/_images/pin-white-resize-32x32.png]
[d1qgs0cj2a6pkw.cloudfront.net/moprosuite/v210/create/_static2/_css/_images/pin_black-resize-32x32.png]
[d1qgs0cj2a6pkw.cloudfront.net/moprosuite/v210/create/_static2/_css/_images/socialSprite.png]
[d1qgs0cj2a6pkw.cloudfront.net/moprosuite/v210/create/_static2/_css/_images/like.png]
[d1qgs0cj2a6pkw.cloudfront.net/moprosuite/v210/create/_static2/_css/_images/favoriteIcon.png]
[d1qgs0cj2a6pkw.cloudfront.net/moprosuite/v210/create/_static2/_css/_images/plusOne.png]
[d1qgs0cj2a6pkw.cloudfront.net/moprosuite/v210/create/_static2/_css/_images/youtubeLogoIcon.png]
[d1qgs0cj2a6pkw.cloudfront.net/moprosuite/v210/create/_static2/_css/_images/googleLogoIcon.png]
[d1qgs0cj2a6pkw.cloudfront.net/moprosuite/v210/create/_static2/_css/_images/twitterLogoIcon.png]
[d1qgs0cj2a6pkw.cloudfront.net/moprosuite/v210/create/_static2/_css/_images/heart.png]
[d1qgs0cj2a6pkw.cloudfront.net/moprosuite/v210/create/_static2/_css/_images/heartP.png]
[d1qgs0cj2a6pkw.cloudfront.net/moprosuite/v210/create/_static2/_css/_images/facebookShareSmall.png]
[d1qgs0cj2a6pkw.cloudfront.net/moprosuite/v210/create/_static2/_css/_images/facebookShareHoverSmall.png]
[d1qgs0cj2a6pkw.cloudfront.net/moprosuite/v210/create/_static2/_css/_images/twitterShareSmall.png]
[d1qgs0cj2a6pkw.cloudfront.net/moprosuite/v210/create/_static2/_css/_images/twitterShareHoverSmall.png]
[d1qgs0cj2a6pkw.cloudfront.net/moprosuite/v210/create/_static2/_css/_images/linkedinShareSmall.png]
[d1qgs0cj2a6pkw.cloudfront.net/moprosuite/v210/create/_static2/_css/_images/linkedinShareHoverSmall.png]
[d1qgs0cj2a6pkw.cloudfront.net/moprosuite/v210/create/_static2/_css/_images/facebookShare.png]
[d1qgs0cj2a6pkw.cloudfront.net/moprosuite/v210/create/_static2/_css/_images/facebookShareHover.png]
[d1qgs0cj2a6pkw.cloudfront.net/moprosuite/v210/create/_static2/_css/_images/twitterShare.png]
[d1qgs0cj2a6pkw.cloudfront.net/moprosuite/v210/create/_static2/_css/_images/twitterShareHover.png]
[d1qgs0cj2a6pkw.cloudfront.net/moprosuite/v210/create/_static2/_css/_images/linkedinShare.png]
[d1qgs0cj2a6pkw.cloudfront.net/moprosuite/v210/create/_static2/_css/_images/linkedinShareHover.png]
[d1qgs0cj2a6pkw.cloudfront.net/moprosuite/v210/create/_static2/_css/_images/instagramLogoIcon.png]
[d1qgs0cj2a6pkw.cloudfront.net/moprosuite/v210/create/_static2/_css/_images/facebookLogoIcon.png]
[d1qgs0cj2a6pkw.cloudfront.net/moprosuite/v210/create/_static2/_css/_images/pinterestLogoIcon.png]
[d1qgs0cj2a6pkw.cloudfront.net/moprosuite/v210/create/_static2/_css/_images/play-icon-white.png]
[d1qgs0cj2a6pkw.cloudfront.net/moprosuite/v210/create/_static2/_css/_images/play-icon-black.png]
[d1qgs0cj2a6pkw.cloudfront.net/moprosuite/v210/create/_static2/_css/_images/quotes-start.png]
[d1qgs0cj2a6pkw.cloudfront.net/moprosuite/v210/create/_static2/_css/_images/quotes-end.png]
[d1qgs0cj2a6pkw.cloudfront.net/moprosuite/v210/create/_static2/_css/_images/star-rating.png]
[www.angeluccijewelry.com/csslint8543.css]
[s3.amazonaws.com/uploads.hipchat.com/7813/4278953/T8dh4PUBinEkfGP/Brushstroke.png]
[flexblocks.mopro.com/css/custom-flex769e.css]
[www.angeluccijewelry.com/csslint3566.css]
[d3ciwvs59ifrt8.cloudfront.net/b0604673-8ae1-447c-af71-d00842823f11/ae38849c-e99c-44ff-94d6-41bf674e3680_h1798.jpg]
[www.angeluccijewelry.com/about.html]
[www.angeluccijewelry.com/shop.html]
[www.angeluccijewelry.com/csslintd58c.css]
[www.angeluccijewelry.com/csslint9ab7.css]
[www.angeluccijewelry.com/custom-work.html]
[d3ciwvs59ifrt8.cloudfront.net/6d31818b-4168-4418-a50e-d55cd23b949e/36b7a921-ad56-41df-910a-6243385d3751_h1798.jpg]
[d3ciwvs59ifrt8.cloudfront.net/6a9d1e3a-f8ff-4a5d-a613-23542dc5692f/7cbbf135-0168-4892-bc18-d3aa16261820_h1798.jpg]
[www.angeluccijewelry.com/designers.html]
[www.angeluccijewelry.com/csslint078a.css]
[www.angeluccijewelry.com/blog/post/commitment-and-love-outweigh-carat-size.html]
[www.angeluccijewelry.com/csslintef84.css]
[d3ciwvs59ifrt8.cloudfront.net/6a9d1e3a-f8ff-4a5d-a613-23542dc5692f/02288f17-8d26-4c8c-b38a-4bdcdc30901e_h1798.jpg]
[d3ciwvs59ifrt8.cloudfront.net/1e970d8c-ce5b-494d-8ba7-6b372f633798/ec4a3996-6287-4242-b5ec-09c76f442817.jpg]
[d1qgs0cj2a6pkw.cloudfront.net/moprosuite/v210/create/_static2/_css/_images/social-icon-tweet.png]
[d1qgs0cj2a6pkw.cloudfront.net/moprosuite/v210/create/_static2/_css/_images/social-icon-pinit.png]
[d1qgs0cj2a6pkw.cloudfront.net/moprosuite/v210/create/_static2/_css/_images/social-icon-googleplus.png]
[www.angeluccijewelry.com/blog/post/huge-diamonds-to-sell-at-auction-soon.html]
[d3ciwvs59ifrt8.cloudfront.net/014cf302-bcd5-408b-812d-a1d019de896f/7a5c5bb4-c763-4562-bce5-001887a43957.jpg]
[d3ciwvs59ifrt8.cloudfront.net/83b9489e-5050-44d8-8d1c-cb107cc2fb6d/06d75c2b-30bb-422a-bc77-f98e9967078b.jpg]
[www.angeluccijewelry.com/blog/post/new-website-coming-soon.html]
[www.angeluccijewelry.com/blog.html]
[www.angeluccijewelry.com/social.html]
[www.angeluccijewelry.com/csslint90e1.css]
[d3ciwvs59ifrt8.cloudfront.net/6d31818b-4168-4418-a50e-d55cd23b949e/1cc4fea0-6093-4ec5-9472-40dfe90eea18_h1798.jpg]
[www.angeluccijewelry.com/contact.html]
[www.angeluccijewelry.com/csslintf808.css]
[www.angeluccijewelry.com/csslint9805.css]
[d3ciwvs59ifrt8.cloudfront.net/6a9d1e3a-f8ff-4a5d-a613-23542dc5692f/94a5513c-f477-4f5b-9ba3-256ac00bf596_h1798.jpg]
[www.angeluccijewelry.com/wedding-and-engagement-shop.html]
[www.angeluccijewelry.com/diamond-search-shop.html]
[www.angeluccijewelry.com/necklaces-and-pendants-shop.html]
[www.angeluccijewelry.com/csslinta82d.css]
[www.angeluccijewelry.com/precision-cut-gemstones-shop.html]
[www.angeluccijewelry.com/'https_/d3ciwvs59ifrt8.cloudfront.net/1d0f867a-0e9d-437b-82e5-5e9fde6477de/1e4f362d-2f07-486a-8e4d-e69b30514450_l.html]
[www.angeluccijewelry.com/'https_/d3ciwvs59ifrt8.cloudfront.net/1d0f867a-0e9d-437b-82e5-5e9fde6477de/18a865d3-bec3-4124-a941-50804703290a_l.html]
[www.angeluccijewelry.com/'https_/d3ciwvs59ifrt8.cloudfront.net/1d0f867a-0e9d-437b-82e5-5e9fde6477de/95dd13dc-f232-4713-9bea-ddfddcd5bfcc_l.html]
[www.angeluccijewelry.com/'https_/d3ciwvs59ifrt8.cloudfront.net/1d0f867a-0e9d-437b-82e5-5e9fde6477de/0b754ee2-a7e2-459b-bed4-dd7ece82acc1_l.html]
[www.angeluccijewelry.com/csslint4699.css]
[www.angeluccijewelry.com/reviews.html]
[www.angeluccijewelry.com/csslint089d.css]
[www.angeluccijewelry.com/gallery.html]
[d1qgs0cj2a6pkw.cloudfront.net/moprosuite/v210/create/_static2/_css/_images/news/sprite-news.html]
[d1qgs0cj2a6pkw.cloudfront.net/moprosuite/v210/create/_static2/_css/_images/events/tooltip-btmArr.html]
[d1qgs0cj2a6pkw.cloudfront.net/moprosuite/v210/create/_static2/_css/_images/events/tooltip-topArr.html]
[www.angeluccijewelry.com/_service/proxyfde5.svg]
[d3ciwvs59ifrt8.cloudfront.net/6d31818b-4168-4418-a50e-d55cd23b949e/f34ed435-5adb-4365-b042-e5d48d93c4a9_h1798.jpg]
[www.angeluccijewelry.com/errorPagec1f0.html]
[www.angeluccijewelry.com/csslint3cf6.css]
[www.angeluccijewelry.com/csslint88ec.css]
[www.angeluccijewelry.com/csslint3566.css]
[d1qgs0cj2a6pkw.cloudfront.net/moprosuite/v210/create/_static2/_css/_images/error404_page-2016.png]
[www.angeluccijewelry.com/csslint9ab7.css]
[www.angeluccijewelry.com/csslintd58c.css]
[www.angeluccijewelry.com/csslint078a.css]
[d1qgs0cj2a6pkw.cloudfront.net/moprosuite/v210/create/_static2/_css/_images/social-icon-facebook.png]
[d1qgs0cj2a6pkw.cloudfront.net/moprosuite/v210/create/_static2/_css/_images/social-icon-linkedin.png]
[d1qgs0cj2a6pkw.cloudfront.net/moprosuite/v210/create/_static2/_css/_images/social-icon-emailit.png]
[d1qgs0cj2a6pkw.cloudfront.net/moprosuite/v210/create/_static2/_css/_images/icon-chat-bubble.png]
[www.angeluccijewelry.com/csslintef84.css]
[www.angeluccijewelry.com/blog/post/commitment-and-love-outweigh-carat-size.html]
[www.angeluccijewelry.com/blog/post/huge-diamonds-to-sell-at-auction-soon.html]
[www.angeluccijewelry.com/blog/post/new-website-coming-soon.html]
[www.angeluccijewelry.com/csslint64f3.css]
[www.angeluccijewelry.com/csslint90e1.css]
[d3ciwvs59ifrt8.cloudfront.net/44448e9f-27bd-4925-966b-2ef3618c1d8e/2fdbe18e-a1a5-404b-95b2-4521bfa00352_h1798.jpg]
[www.angeluccijewelry.com/csslintf808.css]
[www.angeluccijewelry.com/csslint9805.css]
[www.angeluccijewelry.com/csslinta82d.css]
[www.angeluccijewelry.com/csslint4699.css]
[www.angeluccijewelry.com/csslint3cf6.css]
[www.angeluccijewelry.com/csslint089d.css]
[www.angeluccijewelry.com/csslint88ec.css]
[www.angeluccijewelry.com/csslint64f3.css]
